/BASIC/Zeroth
prefix0
/BASIC/First
prefix1
/BASIC/Third
prefix3