/TEST/Group01/Primary
primary.analyzers.primary
/TEST/Group01/Secondary
primary.analyzers.secondary