diagnostic_aggregator/GenericAnalyzer 'Primary'
/Primary
diagnostic_aggregator/GenericAnalyzer 'Secondary'
/Secondary
